Information: Propagating switching activity (low effort zero delay simulation). (PWR-6)
Warning: Design has unannotated primary inputs. (PWR-414)
Warning: Design has unannotated sequential cell outputs. (PWR-415)
 
****************************************
Report : power
        -analysis_effort low
Design : median_filter
Version: I-2013.12-SP5-5
Date   : Thu May 27 10:11:02 2021
****************************************


Library(s) Used:

    NangateOpenCellLibrary (File: /afs/ee.ust.hk/staff/ee/dept/public/elec516/eesm_5020_2017spring/eesm_5020/lib/NangateOpenCellLibrary_PDKv1_3_v2010_12/Front_End/Liberty/NLDM/NangateOpenCellLibrary_slow.db)


Operating Conditions: slow   Library: NangateOpenCellLibrary
Wire Load Model Mode: top

Design        Wire Load Model            Library
------------------------------------------------
median_filter          5K_hvratio_1_1    NangateOpenCellLibrary


Global Operating Voltage = 0.95 
Power-specific unit information :
    Voltage Units = 1V
    Capacitance Units = 1.000000ff
    Time Units = 1ns
    Dynamic Power Units = 1uW    (derived from V,C,T units)
    Leakage Power Units = 1nW


  Cell Internal Power  =  66.9864 uW   (71%)
  Net Switching Power  =  27.7893 uW   (29%)
                         ---------
Total Dynamic Power    =  94.7757 uW  (100%)

Cell Leakage Power     =  11.2850 uW


                 Internal         Switching           Leakage            Total
Power Group      Power            Power               Power              Power   (   %    )  Attrs
--------------------------------------------------------------------------------------------------
io_pad             0.0000            0.0000            0.0000            0.0000  (   0.00%)
memory             0.0000            0.0000            0.0000            0.0000  (   0.00%)
black_box          0.0000            0.0000            0.0000            0.0000  (   0.00%)
clock_network      0.0000            0.0000            0.0000            0.0000  (   0.00%)
register          51.7735            5.7615        3.4311e+03           60.9662  (  57.48%)
sequential         0.0000            0.0000            0.0000            0.0000  (   0.00%)
combinational     15.2129           22.0278        7.8539e+03           45.0945  (  42.52%)
--------------------------------------------------------------------------------------------------
Total             66.9864 uW        27.7893 uW     1.1285e+04 nW       106.0607 uW
1
